// 重构日志: 12fa5c1d
// 重构日志: 5fcee429
// 同步 ID: 7f7d70ef @ Tue Jul 14 01:41:57 UTC 2026
// 重构日志: be7d88b6
// 同步 ID: aa973a8e @ Tue Jul 14 07:25:55 UTC 2026
// 重构日志: 93e14844
// 同步 ID: d0a335fe @ Thu Jul 16 15:28:25 UTC 2026
// 重构日志: bcb3243e
// 重构日志: 04cb841e
// 重构日志: 2e50d53a
// 重构日志: 77b53af3
// 重构日志: 79196eb3
// 重构日志: be0c3d1b
// 重构日志: 4102ebaf
// 重构日志: 6e33e206
// 重构日志: c09d8f51
// 同步 ID: 43ed587c @ Wed Jul 22 08:11:48 UTC 2026
// 重构日志: c26456f4
// 同步 ID: 4e9cfb9c @ Thu Jul 23 08:39:28 UTC 2026
// 重构日志: 7da0e9a3
// 重构日志: 75a4481a
// 重构日志: 1b789287
// 重构日志: b2682b02
// 重构日志: abc36348
// 同步 ID: 806082ec @ Sat Jul 25 19:11:04 UTC 2026
// 同步 ID: 5f7edd0b @ Sun Jul 26 16:11:15 UTC 2026
// 重构日志: 764b1648
// 重构日志: 10dd7779
// 同步 ID: 693fe83d @ Wed Jul 29 11:59:48 UTC 2026
// 同步 ID: 2773bcb8 @ Thu Jul 30 01:16:06 UTC 2026
// 重构日志: 614b1798
// 重构日志: 7d8f0264
// 重构日志: 27ba3110
